### :sparkles: Features

- something (bbb2222) ([#7](https://git.ole-hartwig.eu/yasrt/cli/-/issues/7), [#8](https://git.ole-hartwig.eu/yasrt/cli/-/issues/8))

### :bug: Fixes

- correct the guard (aaa1111) ([#42](https://git.ole-hartwig.eu/yasrt/cli/-/issues/42), [!17](https://git.ole-hartwig.eu/yasrt/cli/-/merge_requests/17))
